------------------------------------------------------------
Timing Analyzer Summary
------------------------------------------------------------

Type  : Slow 1200mV 85C Model Setup 'clk_150'
Slack : -4.036
TNS   : -54.005

Type  : Slow 1200mV 85C Model Setup 'clk_div:div|clk_led'
Slack : 0.086
TNS   : 0.000

Type  : Slow 1200mV 85C Model Hold 'clk_div:div|clk_led'
Slack : 0.451
TNS   : 0.000

Type  : Slow 1200mV 85C Model Hold 'clk_150'
Slack : 0.642
TNS   : 0.000

Type  : Slow 1200mV 85C Model Minimum Pulse Width 'clk_150'
Slack : -3.000
TNS   : -38.980

Type  : Slow 1200mV 85C Model Minimum Pulse Width 'clk_div:div|clk_led'
Slack : -1.285
TNS   : -5.140

Type  : Slow 1200mV 0C Model Setup 'clk_150'
Slack : -3.636
TNS   : -46.041

Type  : Slow 1200mV 0C Model Setup 'clk_div:div|clk_led'
Slack : 0.169
TNS   : 0.000

Type  : Slow 1200mV 0C Model Hold 'clk_div:div|clk_led'
Slack : 0.406
TNS   : 0.000

Type  : Slow 1200mV 0C Model Hold 'clk_150'
Slack : 0.585
TNS   : 0.000

Type  : Slow 1200mV 0C Model Minimum Pulse Width 'clk_150'
Slack : -3.000
TNS   : -38.980

Type  : Slow 1200mV 0C Model Minimum Pulse Width 'clk_div:div|clk_led'
Slack : -1.285
TNS   : -5.140

Type  : Fast 1200mV 0C Model Setup 'clk_150'
Slack : -1.595
TNS   : -13.101

Type  : Fast 1200mV 0C Model Setup 'clk_div:div|clk_led'
Slack : 0.552
TNS   : 0.000

Type  : Fast 1200mV 0C Model Hold 'clk_div:div|clk_led'
Slack : 0.203
TNS   : 0.000

Type  : Fast 1200mV 0C Model Hold 'clk_150'
Slack : 0.293
TNS   : 0.000

Type  : Fast 1200mV 0C Model Minimum Pulse Width 'clk_150'
Slack : -3.000
TNS   : -32.764

Type  : Fast 1200mV 0C Model Minimum Pulse Width 'clk_div:div|clk_led'
Slack : -1.000
TNS   : -4.000

------------------------------------------------------------
