------------------------------------------------------------
Timing Analyzer Summary
------------------------------------------------------------

Type  : Slow 1200mV 85C Model Setup 'clk_150'
Slack : -4.203
TNS   : -67.941

Type  : Slow 1200mV 85C Model Setup 'clk_div:div|clk_led'
Slack : 0.086
TNS   : 0.000

Type  : Slow 1200mV 85C Model Hold 'clk_div:div|clk_led'
Slack : 0.451
TNS   : 0.000

Type  : Slow 1200mV 85C Model Hold 'clk_150'
Slack : 0.652
TNS   : 0.000

Type  : Slow 1200mV 85C Model Minimum Pulse Width 'clk_150'
Slack : -3.000
TNS   : -45.405

Type  : Slow 1200mV 85C Model Minimum Pulse Width 'clk_div:div|clk_led'
Slack : -1.285
TNS   : -5.140

Type  : Slow 1200mV 0C Model Setup 'clk_150'
Slack : -3.836
TNS   : -57.738

Type  : Slow 1200mV 0C Model Setup 'clk_div:div|clk_led'
Slack : 0.173
TNS   : 0.000

Type  : Slow 1200mV 0C Model Hold 'clk_div:div|clk_led'
Slack : 0.408
TNS   : 0.000

Type  : Slow 1200mV 0C Model Hold 'clk_150'
Slack : 0.596
TNS   : 0.000

Type  : Slow 1200mV 0C Model Minimum Pulse Width 'clk_150'
Slack : -3.000
TNS   : -45.405

Type  : Slow 1200mV 0C Model Minimum Pulse Width 'clk_div:div|clk_led'
Slack : -1.285
TNS   : -5.140

Type  : Fast 1200mV 0C Model Setup 'clk_150'
Slack : -1.598
TNS   : -17.585

Type  : Fast 1200mV 0C Model Setup 'clk_div:div|clk_led'
Slack : 0.554
TNS   : 0.000

Type  : Fast 1200mV 0C Model Hold 'clk_div:div|clk_led'
Slack : 0.204
TNS   : 0.000

Type  : Fast 1200mV 0C Model Hold 'clk_150'
Slack : 0.297
TNS   : 0.000

Type  : Fast 1200mV 0C Model Minimum Pulse Width 'clk_150'
Slack : -3.000
TNS   : -38.004

Type  : Fast 1200mV 0C Model Minimum Pulse Width 'clk_div:div|clk_led'
Slack : -1.000
TNS   : -4.000

------------------------------------------------------------
